// Jest Snapshot v1, https://goo.gl/fbAQLP

exports[`renders correct row on results page 1`] = `
<View
  style={
    Object {
      "alignItems": "center",
      "backgroundColor": "green",
      "borderRadius": 15,
      "display": "flex",
      "flexDirection": "row",
      "height": 100,
      "marginBottom": 10,
      "marginRight": 5,
      "width": "auto",
    }
  }
>
  <View
    onPress={undefined}
    style={
      Array [
        Object {
          "margin": 7,
        },
        Object {
          "borderRadius": 19,
          "height": 34,
          "width": 34,
        },
        Object {
          "shadowColor": "rgba(0,0,0, .4)",
          "shadowOffset": Object {
            "height": 1,
            "width": 1,
          },
          "shadowOpacity": 1,
          "shadowRadius": 1,
        },
        Object {
          "alignItems": "center",
          "backgroundColor": "white",
          "justifyContent": "center",
        },
        undefined,
      ]
    }
    underlayColor="white"
  >
    <Text
      accessible={true}
      allowFontScaling={false}
      ellipsizeMode="tail"
      style={
        Array [
          Object {
            "color": "#f50",
            "fontSize": 15,
          },
          Array [
            Object {
              "backgroundColor": "transparent",
            },
            undefined,
          ],
          Object {
            "fontFamily": "FontAwesome",
            "fontStyle": "normal",
            "fontWeight": "normal",
          },
        ]
      }
    >
      ï€Œ
    </Text>
  </View>
  <View
    style={
      Object {
        "flex": 1,
      }
    }
  >
    <RCTWebView
      allowsInlineMediaPlayback={undefined}
      automaticallyAdjustContentInsets={undefined}
      bounces={undefined}
      contentInset={undefined}
      dataDetectorTypes={undefined}
      decelerationRate={undefined}
      injectedJavaScript={undefined}
      mediaPlaybackRequiresUserAction={undefined}
      messagingEnabled={false}
      onLoadingError={[Function]}
      onLoadingFinish={[Function]}
      onLoadingStart={[Function]}
      onMessage={[Function]}
      onShouldStartLoadWithRequest={undefined}
      scalesPageToFit={true}
      scrollEnabled={undefined}
      source={
        Object {
          "html": "is russell westbrook the sickest player ever?",
        }
      }
      style={
        Array [
          Object {
            "flex": 1,
          },
          Object {
            "backgroundColor": "#ffffff",
          },
          undefined,
        ]
      }
    />
  </View>
</View>
`;
